[backblue.gif]
[fade.gif]
[index.html]
[www. .com/touch-icon-iphone.png]
[www. .com/touch-icon-ipad.png]
[www. .com/touch-icon-iphone-retina.png]
[www. .com/touch-icon-ipad-retina.png]
[d1o5lmfp4gliop.cloudfront.net/assets/application-1f27c21e9caba5e224e9039708363bb3d6393bcd0cec34182ef97d314c3d7fe1.css]
[d1o5lmfp4gliop.cloudfront.net/assets/application-9865c3a61c1ffdfed4986c79c8214c39119b9dd0fa2157ea9bdc023c8edbd459.js]
[d1o5lmfp4gliop.cloudfront.net/assets/backgrounds/main-characters-170557b938bdf710d75bc52c2b3fbcc98a7cce6f19b6f9540bf0ece5dc3b91a5.png]
[d1o5lmfp4gliop.cloudfront.net/assets/screenshots/directory-traversal-2-59a237e91126dbad1aa8032c5f5b451904709fdac6564c75a16107d4e8c87695.png]
[d1o5lmfp4gliop.cloudfront.net/assets/screenshots/code-3-3bc426c3cc32b338c7a180989ea14ad071b23103d1e71282d483e47e9a10d52b.png]
[d1o5lmfp4gliop.cloudfront.net/assets/screenshots/quiz-9276cfbb00436da1035d5e017e5919135655709b3a64b0f0d47188aed60c8e64.png]
[d1o5lmfp4gliop.cloudfront.net/assets/screenshots/white-854de9109020661c31d6492b9d2a00fc5ca65c1958025d6695e31670c608248a.png]
[d1o5lmfp4gliop.cloudfront.net/assets/screenshots/command-execution-1-abe6f984c42c59885fdb8a4a1ad37fa62cfb0771510f39cd77a1d19ebddf3e17.png]
[d1o5lmfp4gliop.cloudfront.net/assets/screenshots/command-execution-2-f1e144ffdccee1215bbe432d8e1250fcfcaf825b4de2bce56c291e8ba9662e76.png]
[d1o5lmfp4gliop.cloudfront.net/assets/screenshots/directory-traversal-1-e8f0ef2f268bc08c13bfcd58edad1d632180753380c5fd6e8d0a615aab6e88a6.png]
[d1o5lmfp4gliop.cloudfront.net/assets/screenshots/directory-traversal-3-3beb8d2af4d0b89d7d6cb1a56cbaea16a26a1f5b21980377199e74cd85cdc113.png]
[d1o5lmfp4gliop.cloudfront.net/assets/flynn/amy-neutral-53502fb5f0b259bed1190f1f93d7533b6438638ba4cbe74117008b1448571d5a.png]
[d1o5lmfp4gliop.cloudfront.net/assets/flynn/amy-checklist-3ee626b0100675722b43b10d6204580d84183fdfa26bfc1e155fad651f0a98d3.png]
[d1o5lmfp4gliop.cloudfront.net/assets/flynn/amy-paperwork-bc4d6b1bdc4bdd487c594dda3db83cba5ccc7c8a8a5b3f81d97277ff2ac6d7c3.png]
[d1o5lmfp4gliop.cloudfront.net/assets/cookieinfo-1af9cc137c2c2bc8ea4d469f45d357ec43dc6c23537bd0c96aa9b51ff416ce5e.js]
[www. .com/index.html]
[d1o5lmfp4gliop.cloudfront.net/assets/font-awesome/fa-solid-900.woff2]
[d1o5lmfp4gliop.cloudfront.net/assets/font-awesome/fa-solid-900.ttf]
[d1o5lmfp4gliop.cloudfront.net/assets/font-awesome/fa-regular-400.woff2]
[d1o5lmfp4gliop.cloudfront.net/assets/font-awesome/fa-regular-400.ttf]
[d1o5lmfp4gliop.cloudfront.net/assets/font-awesome/fa-brands-400.woff2]
[d1o5lmfp4gliop.cloudfront.net/assets/font-awesome/fa-brands-400.ttf]
[www.toptal.com/designers/subtlepatterns/patterns/hip-square.28.delayed]
[d1o5lmfp4gliop.cloudfront.net/images/lightbox/loading.gif]
[d1o5lmfp4gliop.cloudfront.net/images/lightbox/prev.png]
[d1o5lmfp4gliop.cloudfront.net/images/lightbox/next.png]
[d1o5lmfp4gliop.cloudfront.net/images/lightbox/close.png]
[d1o5lmfp4gliop.cloudfront.net/assets/application-1f27c21e9caba5e224e9039708363bb3d6393bcd0cec34182ef97d314c3d7fe1.css]
[d1o5lmfp4gliop.cloudfront.net/assets/marketing/laptop-exercise-aed26fe54af3a689af3c6f34874305fb986fd45467a49e3ce7d4d356e4979b89.png]
[d1o5lmfp4gliop.cloudfront.net/assets/screenshots/code-43468e0914334bdf742bc2fa55437b0a4610055e3874007a13618c0f36cb6bbb.png]
[d1o5lmfp4gliop.cloudfront.net/assets/screenshots/risks-4f0bbc2f695993c17b408bbb479283c439a2287c9c1e19c8e20935aa30c298f8.png]
[d1o5lmfp4gliop.cloudfront.net/assets/screenshots/concept-6a552323e3a0f32ea1e27c89da1025256237a10ac5f5c9d77420bec70e491978.png]
[www. .com/features.html]
[www. .com/lessons.html]
[d1o5lmfp4gliop.cloudfront.net/assets/screenshots/enterprise/enterprise-risks-1f115eadf66b895f65ae6d6b52628cc6a93bea9a8d2b67f362640e8876baa755.png]
[d1o5lmfp4gliop.cloudfront.net/assets/screenshots/enterprise/enterprise-code-43468e0914334bdf742bc2fa55437b0a4610055e3874007a13618c0f36cb6bbb.png]
[d1o5lmfp4gliop.cloudfront.net/assets/screenshots/enterprise/enterprise-concepts-33288429b2c4d7c06cc07aafbe9f21abba698b627d33a98aca59549952664774.png]
[d1o5lmfp4gliop.cloudfront.net/assets/screenshots/enterprise/enterprise-quiz-b841bcfeee36b3ccea3eebedaedce1e5af6f1fdf1049f410d1e77e45ed1c1c12.png]
[d1o5lmfp4gliop.cloudfront.net/assets/screenshots/enterprise/enterprise-license-4aacc14e8df64303b2705f7f9b99b13894dd964bd19ce6ffc64714ba02f55c38.png]
[d1o5lmfp4gliop.cloudfront.net/assets/screenshots/enterprise/enterprise-report-cda9481508288899fff3e967753ac4b932231f90da8033766d97d08dd2567238.png]
[www. .com/enterprise.html]
[www. .com/owasp.html]
[d1o5lmfp4gliop.cloudfront.net/images/exercises/sql-injection/icon.gif]
[d1o5lmfp4gliop.cloudfront.net/images/exercises/sql-injection/icon-animated.gif]
[www. .com/pci.html]
[d1o5lmfp4gliop.cloudfront.net/assets/book/cover-c8147b7a4e2878ee0571f4fdaca9a9f8a9dcaa40e904fc1041c35e73b95ef7df.png]
[www. .com/pdf/book/chapter-2.pdf]
[d1o5lmfp4gliop.cloudfront.net/assets/book/foreword-5f5285d797cf783b8bd682e7127740d493809aad46dfc16b0e161004e2dbaae0.png]
[d1o5lmfp4gliop.cloudfront.net/assets/book/page-1-b48ae58acc8a285f3f4d6b81bbab4f8ded4aa357d4e6201dfd4d0971b1e7c88b.png]
[d1o5lmfp4gliop.cloudfront.net/assets/book/page-2-2ad1487f5cd9ab8f2d1f239681574e6883fcfac6a95a22fee89fb510a21a4bb5.png]
[d1o5lmfp4gliop.cloudfront.net/assets/book/page-3-70f37d9c8145a2728fb08dd2a317bb650793cf1eec0d3b6a2983a320dbd91a93.png]
[d1o5lmfp4gliop.cloudfront.net/assets/book/page-4-5cd8f8d14de902e70449ad3979bafe7efaf30ca802217422cfb1031eab2e5d8f.png]
[d1o5lmfp4gliop.cloudfront.net/assets/book/back-ad667bb5c61cf3d84f81b6360be5df4ba7d70722dae0d7e5a8572aa07baaa4ec.png]
[www. .com/book.html]
[www. .com/login.html]
[www. .com/join.html]
[d1o5lmfp4gliop.cloudfront.net/assets/skull-56af21599bf07cebbffbecceec1537a9471628fb1d3374433c1d9b8b1ab703bf.png]
[d1o5lmfp4gliop.cloudfront.net/assets/exercise-5652b5b649e3d7688a1c4e39179541168716b52f4d2d6c72ea0210af3eebe078.js]
[www. .com/exercises/sql-injection.html]
[d1o5lmfp4gliop.cloudfront.net/images/exercises/command-execution/icon.gif]
[d1o5lmfp4gliop.cloudfront.net/assets/exercises/command-execution/which-c022f585673b1872c74bb02fd2a888af778b68cf5319ce78cab046d6b8b01c6f.png]
[d1o5lmfp4gliop.cloudfront.net/assets/exercises/command-execution/robot-static-912700feae8ce4e51ed8c2b7b4186cbb5a758036a6b78a67891f280a96afce82.gif]
[d1o5lmfp4gliop.cloudfront.net/assets/exercises/command-execution/robot-animated-f9dad7295073a7780c50fa76c1a74c1ce6b942fb869519083bad1aaf2d9e1f7e.gif]
[d1o5lmfp4gliop.cloudfront.net/assets/icons/warning-705637f7cacef63011b5e6e3775ecac4766d8686f062674a8ca84c582f239c50.png]
[d1o5lmfp4gliop.cloudfront.net/assets/flynn/slim-concentrating-7a4616011c6adec1b3112e38aee00c718333663631b925c05f8a49caa7351c1a.png]
[d1o5lmfp4gliop.cloudfront.net/assets/flynn/slim-frustrated-d6586a4aa3b8b31401e45cdb93f49360797ee5b05b35c1b097d17c822f29a4d7.png]
[d1o5lmfp4gliop.cloudfront.net/assets/flynn/slim-malevolent-a3a227fed3d042804654f0f80a0fac5b897149e516cb7a195d7dfa2d3af0d046.png]
[d1o5lmfp4gliop.cloudfront.net/assets/flynn/slim-neutral-5fa00eb8c45ddb972585814472504a6c516f8c0182de9e0467ee2358d279cec0.png]
[www. .com/exercises/command-execution.html]
[www. .com/login0f92.html]
[www. .com/glossary.html]
[www. .com/privacy.html]
[www. .com/legal.html]
[www.toptal.com/designers/subtlepatterns/patterns/hip-square.html]
[d1o5lmfp4gliop.cloudfront.net/images/exercises/xss-stored/icon.gif]
[d1o5lmfp4gliop.cloudfront.net/assets/flynn/vic-baking-775096dc6d872f132bd52810244babe8bd4202e822302b66cfdbe95c0b25fb90.png]
[d1o5lmfp4gliop.cloudfront.net/assets/flynn/vic-baking-hacked-f0702b389ec9c7784c375be7e116c30080a96f7d121fe4f1a1b33a54f50ea264.png]
[d1o5lmfp4gliop.cloudfront.net/assets/exercises/xss-stored/bread-185a89839a7f3029f567037088539633ec259d6e1f7abc01ff5bf8375cd95be6.png]
[d1o5lmfp4gliop.cloudfront.net/assets/haxxed-4-76a53f55f9313520fdb15102227077999bbb568eadee356577b9c10008d49347.gif]
[d1o5lmfp4gliop.cloudfront.net/assets/flynn/mal-preparing-06c19221aa11811471e37995f4a4ae85b601d7ce2a85005cbd74bbdabf2112a3.png]
[d1o5lmfp4gliop.cloudfront.net/assets/flynn/mal-hacking-c3cda4bec0235fcfe36c50e49ef7a01aba5e01ea4c9448217b2fbaa268c52d12.png]
[d1o5lmfp4gliop.cloudfront.net/assets/flynn/mal-succeed-e1a6deb1c9d0b37eaae079dcbd6e0333626bf85cdd89fb8069a6d1654215b3ab.png]
[www. .com/exercises/xss-stored.html]
[d1o5lmfp4gliop.cloudfront.net/images/exercises/click-jacking/icon.gif]
[d1o5lmfp4gliop.cloudfront.net/assets/exercises/click-jacking/click-jacked-8bd51da815156d2f069cb49a358f9618190c2982dc047b193e5720d5b99433a7.png]
[www. .com/exercises/click-jacking.html]
[d1o5lmfp4gliop.cloudfront.net/images/exercises/csrf/icon.gif]
[d1o5lmfp4gliop.cloudfront.net/assets/flynn/mal-hacking-flipped-0f5f24930b514fb0d273d3a224dae82203336a1fa6392ecca5aaa99d005e234f.png]
[d1o5lmfp4gliop.cloudfront.net/assets/exercises/csrf/horse-14e2f0968295be0151ad0f6342c0b7f20efadc943a41cd9a9d611aa8e06d7a05.jpg]
[d1o5lmfp4gliop.cloudfront.net/assets/login-7d06e3b59b8d07bcc26b0fd1369cbf74105b65a4095346377c6fc269dd810e34.png]
[d1o5lmfp4gliop.cloudfront.net/assets/exercises/csrf/tweep-fbb17dd63b7d9ef939bc7cc4e2af4155fe0c469976b6fccb79a782a4258804da.png]
[d1o5lmfp4gliop.cloudfront.net/assets/exercises/csrf/tweep-1-322b70b9cbeb5011c33fbf516ee739df3a6da1736b3e66db019f0aeb46d5463a.png]
[d1o5lmfp4gliop.cloudfront.net/assets/exercises/csrf/tweep-2-8c833f05bd5caa7924a6f33108668c2e457ca40f0dbef1c4a9a2ad34ed2d4c18.png]
[d1o5lmfp4gliop.cloudfront.net/assets/exercises/csrf/tweep-3-2e907f17b548cdd33ad13cb8b09083e3bc646079817b87c23a071f5276dc06d9.png]
[d1o5lmfp4gliop.cloudfront.net/assets/exercises/csrf/tweep-4-dbe2200d334f74c04dddb9117f47f5466080837c93fcda31d5d201909babdb63.png]
[d1o5lmfp4gliop.cloudfront.net/assets/exercises/csrf/tweep-5-5ba509a544f046bbc83bdc8f65ba9aa1a99c3c0b08c4f5e5c5c43e322ae20666.png]
[d1o5lmfp4gliop.cloudfront.net/assets/flynn/vic-neutral-flipped-258f0fa0ca8f889b52b75fe93e25cea71c5a60de988152b98d54bd6cc3205351.png]
[d1o5lmfp4gliop.cloudfront.net/assets/flynn/vic-excited-flipped-bd8f3a408907c769f4612ed3a6b7e4baa846ed7d6ad5eb6be1d3224a5ba78767.png]
[d1o5lmfp4gliop.cloudfront.net/assets/flynn/vic-confused-flipped-f93edb831c1a3b852375f3329ef0ac865c9bf023037c9e2632bdca561cb4491d.png]
[www. .com/exercises/csrf.html]
[d1o5lmfp4gliop.cloudfront.net/images/exercises/xss-reflected/icon.gif]
[d1o5lmfp4gliop.cloudfront.net/assets/exercises/xss-reflected/taco-1cdc68699a0519c7ee3199116cccf390516d722e44a451a863f17ca57abf8134.png]
[d1o5lmfp4gliop.cloudfront.net/assets/exercises/xss-reflected/rating-71f431e2f6d5d26b3bee4d7d88f24bb4ef7e17229da10a5277d611e83886634e.png]
[d1o5lmfp4gliop.cloudfront.net/assets/exercises/xss-reflected/sky-taco-9d28db3e3440e15aaff72956668d54abea60710d0cce536748165dd0aa2e54d2.gif]
[d1o5lmfp4gliop.cloudfront.net/assets/flynn/vic-hacked-134bcb6467d2397ba708325199de37e4da928583c6a303f525aa8c1322b463d2.png]
[www. .com/exercises/xss-reflected.html]
[d1o5lmfp4gliop.cloudfront.net/images/exercises/file-upload/icon.gif]
[d1o5lmfp4gliop.cloudfront.net/assets/flynn/mal-pensive-8d7c379108d248ef5c8e97ae7859a0f6dbc29bc0a21c658581f658c54b4fd95b.png]
[d1o5lmfp4gliop.cloudfront.net/assets/exercises/file-upload/file-chooser-26c9736ed4b7c7b079d77051dbd55aa3bd807d86505e468cf468485eef93fa1f.png]
[d1o5lmfp4gliop.cloudfront.net/assets/exercises/file-upload/anon-66b6223167e2a180c6c8f8b2890213a95b6eb51815a997e00d0b3b9e2398814a.jpg]
[d1o5lmfp4gliop.cloudfront.net/assets/exercises/file-upload/edit-d55a23cdd1c3008fc7fc9b72d53b6fd14c3e5e3641542098601b253126008591.png]
[d1o5lmfp4gliop.cloudfront.net/assets/icons/danger-82cdabffb9e70795f6fdd5d10c7d88af3e188843f766ac02c7e4b990481d4cd2.png]
[d1o5lmfp4gliop.cloudfront.net/assets/exercises/file-upload/broken-6788a5d6f41c6341c569a53e4d8723fbe926a035393d8d9decb89500074dd31b.gif]
[www. .com/exercises/file-upload.html]
[d1o5lmfp4gliop.cloudfront.net/images/exercises/open-redirects/icon.gif]
[d1o5lmfp4gliop.cloudfront.net/assets/exercises/open-redirects/iguana-73be83bf8c9cb980cfb1c869d7b4c8607ff59cb8f9395bd24fd7275c4d0ce51b.png]
[d1o5lmfp4gliop.cloudfront.net/assets/haxxed-5-7df3194d63d283f7d44299365a222500135a2aa92d37f8864abf388a0b7f3d43.gif]
[www. .com/exercises/open-redirects.html]
[d1o5lmfp4gliop.cloudfront.net/images/exercises/unencrypted-communication/icon.gif]
[d1o5lmfp4gliop.cloudfront.net/assets/exercises/unencrypted-communication/happy-cloud-bebecc9499dfbc6527f111ab2c9013629694fa7e7750e4cc3de576102490352d.png]
[d1o5lmfp4gliop.cloudfront.net/assets/insecure-bf20dd8b7110afa64f92c54ae966b075c086f3ae133d030d2a265b73987f796d.png]
[d1o5lmfp4gliop.cloudfront.net/assets/exercises/unencrypted-communication/wireshark-nothing-ccec83ef13ad18220ac9d580e8e2fd53f7fa365b79b368fdbf5f014afa884f96.gif]
[d1o5lmfp4gliop.cloudfront.net/assets/exercises/unencrypted-communication/wireshark-logs-46cb62d786a9796bef7b5c1a942b202c78eb9b7d690352af4b56e0fbd3ddda65.gif]
[d1o5lmfp4gliop.cloudfront.net/assets/exercises/unencrypted-communication/wireshark-inspect-6202192ae4ca032d1a3f7b76f917feb675fb8a3d8a67d3d32fd7ce393c07f98d.gif]
[d1o5lmfp4gliop.cloudfront.net/assets/exercises/unencrypted-communication/wifi-3dcfdfb39e9d314ca4ab4d25ffaeea31b673d696d49abe52ab6225608ab48137.gif]
[d1o5lmfp4gliop.cloudfront.net/assets/exercises/unencrypted-communication/animated-arrow-left-1ee7f1c29ecc94d28c147cda04caa2a0bfe1db5329cd33a715b4fc9f4dd8e697.gif]
[d1o5lmfp4gliop.cloudfront.net/assets/exercises/unencrypted-communication/static-arrow-left-82e9a242b3ccac427c4c32afc745d7872e15ee90888de5517a010bbc253d1f7b.gif]
[d1o5lmfp4gliop.cloudfront.net/assets/exercises/unencrypted-communication/animated-arrow-up-5881930b5358b202be500ecaca88a7b8bf4d4b2d91eb46cd2d94757a4a33a9b9.gif]
[d1o5lmfp4gliop.cloudfront.net/assets/flynn/stan-neutral-3be4548686255f2b7be44f3900005f6a5e54f1998130b4d76e2d4106ced15606.png]
[d1o5lmfp4gliop.cloudfront.net/assets/flynn/stan-confused-09cd9fc0eb203e751f794c258148ea9ddb2b334ca4665a0a85811ba94da02d08.png]
[d1o5lmfp4gliop.cloudfront.net/assets/exercises/unencrypted-communication/sad-cloud-57485a067e498b62be7d65d21e4dabb9229616a3310af2ad8945ccea2bf992bf.png]
[www. .com/exercises/unencrypted-communication.html]
[d1o5lmfp4gliop.cloudfront.net/images/exercises/user-enumeration/icon.gif]
[d1o5lmfp4gliop.cloudfront.net/assets/exercises/user-enumeration/birds-with-arms-1-cc025c30a7794f469d30dc482f433ed23b02b01c388d5b0e279cf7bfd6cd8f26.png]
[d1o5lmfp4gliop.cloudfront.net/assets/exercises/user-enumeration/birds-with-arms-2-9c09b904f3675ff99a81f38fb3c03b2446dd10719e64fb10c971ad114cf8fa71.png]
[d1o5lmfp4gliop.cloudfront.net/assets/exercises/user-enumeration/birds-with-arms-3-317d9d836baa2d1832d9736326cde6cbc15ce9fa87aa89a98cecbbbf5d02ccdb.png]
[d1o5lmfp4gliop.cloudfront.net/assets/flynn/trix-neutral-flipped-73a1a0d2d0bf3ca9897a5b9078deb34b62d4a2d3e488dda548872f590d376b5c.png]
[d1o5lmfp4gliop.cloudfront.net/assets/flynn/trix-concentrating-5d649850f7fa83959199e9cb18b666215b48b6588b793cbe7e69b3e9f7d108f1.png]
[d1o5lmfp4gliop.cloudfront.net/assets/flynn/trix-malicious-f5a8f7a930edce68ebfd3d7d6b02b30e9fa0f9653307a94c8aa39fa17f7c1ea0.png]
[d1o5lmfp4gliop.cloudfront.net/assets/flynn/trix-frustrated-c5944f5338a5239b50a0cb442bdfef4ee9f9ff23454df96db26da1dea5fd25c3.png]
[www. .com/exercises/user-enumeration.html]
[d1o5lmfp4gliop.cloudfront.net/images/exercises/password-mismanagement/icon.gif]
[d1o5lmfp4gliop.cloudfront.net/assets/exercises/password-mismanagement/complexity-2073350d1ceea32501182ed32fe525e862aa7b11a966682f953fc40ba2b9aa88.png]
[d1o5lmfp4gliop.cloudfront.net/assets/exercises/password-mismanagement/absurd-complexity-01f5f58559dbf86214b58e1466910d0e049d25d3283824d7198851fac226e30e.png]
[d1o5lmfp4gliop.cloudfront.net/assets/exercises/password-mismanagement/password-lockout-1184e6b03fae4db1b8138ef2a627dd12dac8c420c1d579eb9617fa0cd4c08b14.png]
[d1o5lmfp4gliop.cloudfront.net/assets/exercises/password-mismanagement/doge-bread-1-3ceb8911ed72f9ba901fc5142adb499354b21ddb4a770a7fe6b52ceca595ecb5.png]
[d1o5lmfp4gliop.cloudfront.net/assets/exercises/password-mismanagement/doge-bread-2-893c56c8cb9179b335c81c89fb6ab36387da56f925de0675584146b72d4e7a60.png]
[d1o5lmfp4gliop.cloudfront.net/assets/exercises/password-mismanagement/doge-bread-3-b2b57015368a1771407c3170a7bfababee4de46325afc2969ffa648ed8fa5c1f.png]
[d1o5lmfp4gliop.cloudfront.net/assets/exercises/password-mismanagement/secure-717ea14f2b9cee7f26b7da509ffc44b722f7fece6c390ce8361a93aa15cb6cfe.png]
[d1o5lmfp4gliop.cloudfront.net/assets/exercises/password-mismanagement/oauth-97489c5a909d5587e5212968d2602395788f3dcbd41bb1457dfafe88b1f0e899.png]
[d1o5lmfp4gliop.cloudfront.net/assets/exercises/password-mismanagement/forgotten-b5f84a4cdaa92bddacadba55bfe8ccbc3e39c99577bdad01084200afba57cc1f.png]
[d1o5lmfp4gliop.cloudfront.net/assets/exercises/password-mismanagement/expired-7e7a20a7df6d5b67bc0923b6008a9df736250d3f07462d777319f74546c18e42.png]
[d1o5lmfp4gliop.cloudfront.net/assets/exercises/password-mismanagement/password-reset-ec16f3788b050b36c5b98a83e2bfc4ec9ad20789e59fb8b6870dbb3e59bf8516.png]
[www. .com/exercises/password-mismanagement.html]
[d1o5lmfp4gliop.cloudfront.net/images/exercises/email-spoofing/icon.gif]
[d1o5lmfp4gliop.cloudfront.net/assets/exercises/email-spoofing/google-1b1c0bb3bd06547c1494364702e170d28b9f19b93b513563a89d3a30f5402467.png]
[d1o5lmfp4gliop.cloudfront.net/assets/exercises/email-spoofing/spf-4a8d3ad6b817e480a8129be84420f4a0a02a053a5a4f59e7987499c70822aa7c.png]
[d1o5lmfp4gliop.cloudfront.net/assets/cryptico-e1e60f57a5dadbe69869e102f24636f2c8637a7947541d26523c0cab6701f55a.js]
[d1o5lmfp4gliop.cloudfront.net/assets/dkim-973542cc760729af25cbd7614f3e1e97994f095d47d6b744aa033eb55242759b.js]
[www. .com/exercises/email-spoofing.html]
[d1o5lmfp4gliop.cloudfront.net/images/exercises/malvertising/icon.gif]
[d1o5lmfp4gliop.cloudfront.net/assets/exercises/malvertising/adtech-landscape-1-f0ffe6429e7f280570e182b4caa3f91e02b0cd01bc97554fb25e4be63009de70.png]
[d1o5lmfp4gliop.cloudfront.net/assets/exercises/malvertising/adtech-landscape-2-16fb15b9373688a3f12f445a132bec9493863f262cbecc31470c4367e886cd24.png]
[d1o5lmfp4gliop.cloudfront.net/assets/exercises/malvertising/adtech-landscape-3-6a4296d2bbd33d2c875d5f52adbc71ed3bda4304dc9841b7893a0e6194a3c9f4.png]
[d1o5lmfp4gliop.cloudfront.net/assets/exercises/malvertising/adtech-landscape-4-66a82c0b9d54f686fe4eaba91df46510fc2ceff82859453ccdee6da1fb3a5e69.png]
[d1o5lmfp4gliop.cloudfront.net/assets/exercises/malvertising/adtech-landscape-5-ccada8dccf6f75fc2948c2a374dbab9841cd66077ed5e493c7da2cf1546aa97e.png]
[d1o5lmfp4gliop.cloudfront.net/assets/exercises/malvertising/adtech-landscape-6-37fe3cc1faa8735e10bd3349c3222652fd8ddfff607560cbd2a184c93f8de5d2.png]
[d1o5lmfp4gliop.cloudfront.net/assets/exercises/malvertising/adtech-landscape-7-309d19dd4a6400a49c8a289cf691b7dddbde715fb958a98ddf44c86cda33f82f.png]
[d1o5lmfp4gliop.cloudfront.net/assets/exercises/malvertising/google-4fc629f11740fcc34e4ce3e88c0624118c56009dc29b1cd3ba1d2e18c1fe1ff0.png]
[d1o5lmfp4gliop.cloudfront.net/assets/exercises/malvertising/lse-f8120b3f5841a9eff7556f96618d091c1d51199426819bb041474c6499fc933f.png]
[d1o5lmfp4gliop.cloudfront.net/assets/exercises/malvertising/nytimes-bbfc5b669f54504419515c82a99f6f9ef19886ece693883b6432850cad25a049.png]
[d1o5lmfp4gliop.cloudfront.net/assets/exercises/malvertising/skype-7b52213adbd1234082fb973524cbea1de3787889b91266936fccb815e843b328.png]
[d1o5lmfp4gliop.cloudfront.net/assets/exercises/malvertising/spotify-4e43d77de94081b3297ae5b5d107c3d7fcdecd6b22bd4493532840ce05f25cb4.png]
[d1o5lmfp4gliop.cloudfront.net/assets/exercises/malvertising/site-1-layer-1-3a7b4c95f1c29e186c4812a11469f337553b075cc03897402771bca4a6ce03fc.png]
[d1o5lmfp4gliop.cloudfront.net/assets/exercises/malvertising/site-1-layer-2-f7788ca5736a4e5dae43c11cefb9e4b1be5a9c61cdb74035b58bfb254624654b.png]
[d1o5lmfp4gliop.cloudfront.net/assets/exercises/malvertising/site-1-layer-3-10170333041b2b02a83ddab641b04c924a586d0f772045883d60cf25de602055.png]
[d1o5lmfp4gliop.cloudfront.net/assets/exercises/malvertising/site-1-layer-4-a781db6b67459827874d00be7f0a01285950a627c216d7d3277f9a2072ae0c99.png]
[d1o5lmfp4gliop.cloudfront.net/assets/exercises/malvertising/hacked-063b7a03b31c45d10af56c139c62c9293ac4818a69ffac7f9f1cfaa0fb07e6a8.gif]
[d1o5lmfp4gliop.cloudfront.net/assets/exercises/malvertising/site-2-60621898cc54a96fd105ece461d229fcba368e9b8f8650a46998b270c89777b5.png]
[d1o5lmfp4gliop.cloudfront.net/assets/exercises/malvertising/site-3-20593edc6d0d74a21d679b7f0dccf0cb64a72496455f757b50682989c7e815ad.png]
[d1o5lmfp4gliop.cloudfront.net/assets/exercises/malvertising/site-4-af60aaed62a81b773fc680176b91d48a6d778e0cc2fb10241813eb0f97454798.png]
[d1o5lmfp4gliop.cloudfront.net/assets/exercises/malvertising/site-1-e1ca41cc0696fbdd4f6617c370217944fe478aa1a78f2cbfb8bb166de717ca71.png]
[d1o5lmfp4gliop.cloudfront.net/assets/exercises/malvertising/laptop-browsing-086b99404d843431c7323a997606b4b43fa63de819de846f4b22818c05dce252.png]
[d1o5lmfp4gliop.cloudfront.net/assets/exercises/malvertising/laptop-hacked-3513911a542576c732acd852930c68567a1643524900b2390f2b0195368fc23e.png]
[www. .com/exercises/malvertising.html]
[d1o5lmfp4gliop.cloudfront.net/images/exercises/logging-and-monitoring/icon.gif]
[d1o5lmfp4gliop.cloudfront.net/assets/exercises/logging-and-monitoring/log-shipping-5a40e4635730533cd45ad183989fd04334e04ae9250f5e639e71dba688473fc7.png]
[d1o5lmfp4gliop.cloudfront.net/assets/exercises/logging-and-monitoring/noisy-logs-17c5d2d1da84fcd3c40e4eb3e3bfad496361ba653cb67832cc2aa196659d5606.gif]
[d1o5lmfp4gliop.cloudfront.net/assets/exercises/logging-and-monitoring/example-metrics-701eb6327f82e6387c20ce95fb00a9010853bcedfba8658b2e64030905f3272c.png]
[d1o5lmfp4gliop.cloudfront.net/assets/exercises/logging-and-monitoring/error-reporting-39a355c993edb0d492d11296c27a1b5e51645f41d128ec0efcf2861754b88fbc.png]
[d1o5lmfp4gliop.cloudfront.net/assets/flynn/amy-bed-41a1b123b25e05b7b1ccdd472c8fa151b89091012b7f2224667ff8f1f5967b7d.png]
[www. .com/exercises/logging-and-monitoring.html]
[d1o5lmfp4gliop.cloudfront.net/images/exercises/buffer-overflows/icon.gif]
[d1o5lmfp4gliop.cloudfront.net/assets/exercises/buffer-overflows/apache-vulnerability-27aa19aaa50b257fb88ca97b1ae25643e64f9c908df5b37a6af556a0ba519480.png]
[d1o5lmfp4gliop.cloudfront.net/assets/exercises/buffer-overflows/nginx-vulnerability-eb57828f44695641014fceb0324d6ea131d2189a31be250c30790757e272a2b1.png]
[d1o5lmfp4gliop.cloudfront.net/assets/exercises/buffer-overflows/iis-vulnerability-6bec5b713d2ab46f80a5e37a7d484fb86e0d3b3c71b84274a47197d36d92d5ed.png]
[www. .com/exercises/buffer-overflows.html]
[d1o5lmfp4gliop.cloudfront.net/images/exercises/ssrf/icon.gif]
[d1o5lmfp4gliop.cloudfront.net/assets/exercises/ssrf/laptop-de35822b1cc01264861615eb695d70958e2cb4218b2c7621289de6ad0b80d0a9.gif]
[d1o5lmfp4gliop.cloudfront.net/assets/exercises/ssrf/laptop-http-d878b36181c704eb2d2fd9373f887e7a933b2d92ca183fd01c801278bbf6e18d.gif]
[d1o5lmfp4gliop.cloudfront.net/assets/exercises/ssrf/laptop-fast-8835b3ce09d5f6c8c60a7ab2e4525af22ef327063cee27ec39b7d1ca9f3eb1d9.gif]
[d1o5lmfp4gliop.cloudfront.net/assets/exercises/ssrf/laptop-http-2-d878b36181c704eb2d2fd9373f887e7a933b2d92ca183fd01c801278bbf6e18d.gif]
[d1o5lmfp4gliop.cloudfront.net/assets/exercises/ssrf/server-1-335571c6593b05da693ae23d435977e1b44c50a5faf6a3fd1e6f6f0d8a74824e.gif]
[d1o5lmfp4gliop.cloudfront.net/assets/exercises/ssrf/server-1-http-ec15e30f497facf8a8a779f35bf49ccc459ebbf77d733f731b366cc63d86ef8f.gif]
[d1o5lmfp4gliop.cloudfront.net/assets/exercises/ssrf/server-1-fast-51931b0f756d78e14cfb321a7f1bc7bd8788c718422d6370359e1363f2035ae8.gif]
[d1o5lmfp4gliop.cloudfront.net/assets/exercises/ssrf/server-1-http-2-ec15e30f497facf8a8a779f35bf49ccc459ebbf77d733f731b366cc63d86ef8f.gif]
[d1o5lmfp4gliop.cloudfront.net/assets/exercises/ssrf/server-2-alive-591de0c9c538ded378be87fae8977369fa1a704dcd0340616799383041e5d2f8.gif]
[d1o5lmfp4gliop.cloudfront.net/assets/exercises/ssrf/server-2-dead-1764abecd1f672c8de861d79208ed9514e5318836a72e6f2250f0feb78d47802.gif]
[www. .com/exercises/ssrf.html]
[d1o5lmfp4gliop.cloudfront.net/assets/exercises/ssrf/network-5d24bfede54a23393e4931b45b850a0ad172934451c43005754845d4609639eb.gif]
[checkout.stripe.com/checkout.js]
[www. .com/purchase.html]
[www. .com/login4981.html]
[www. .com/login21b3.html]
[www. .com/loginab73.html]
[www. .com/loginddda.html]
[www. .com/login9bb3.html]
[www. .com/login0551.html]
[www. .com/login6d03.html]
[www. .com/login4ed9.html]
[www. .com/login316e.html]
[www. .com/login9dd3.html]
[www. .com/auth/google_oauth2]
[www. .com/auth/facebook]
[www. .com/auth/github]
[www. .com/auth/linkedin]
[www.recaptcha.net/recaptcha/api.js]
[www. .com/loginc096.html]
[www. .com/login/saml.html]
[www. .com/joinc096.html]
[d1o5lmfp4gliop.cloudfront.net/assets/icons/rating-prevelance-on-08c87a35753a8cffcf36b11e7964cfaf357ed53beea25705689f8b289b9260db.png]
[d1o5lmfp4gliop.cloudfront.net/assets/icons/rating-exploitability-on-72a414cbfd6607547d507635de7609d1ba1bbfc36e454851949c4efc6fdd6f82.png]
[d1o5lmfp4gliop.cloudfront.net/assets/icons/rating-impact-on-56af21599bf07cebbffbecceec1537a9471628fb1d3374433c1d9b8b1ab703bf.png]
[www. .com/prevention/sql-injection.html]
[app- .herokuapp.com/assets/application-b5fe8eced4667b62d7b604f7eb8f80b9937b5137e7c5221f0ed6d349050fb9ff.css]
[app- .herokuapp.com/assets/gradient-72076d93c14304a7ffb25953c6d979a609b1ab8e7b31620c4832b45d3d674d66.jpg]
[app- .herokuapp.com/assets/application-90fba03fb570014b9c67de195e3eed232f088506657454a08797e9fb0634c2b4.js]
[app- .herokuapp.com/assets/logo-2-4f4d28f2398c1615c25433c4bbad04839ee4ff4ee5b8cbb51c7a9b0a90ac5c9a.png]
[app- .herokuapp.com/assets/gradient-2-370a93c9f18bd87b9b1ffa97934b1f8e812aa2af5dbdbf96357e8f0b921b9789.png]
[app- .herokuapp.com/assets/login-background-ab30acb309bf2fb3dcd73cae0e721f5c9e9e1ebc1ed2e4b380a0a7f00df4c16c.png]
[app- .herokuapp.com/assets/banking-2-d60ae3885602c0720fb7f9257a56c951ecb4eed918801797b0308db26f516c6e.png]
[www. .com/embedded/sql-injection/index.html]
[www. .com/embedded/sql-injection/logs/stream.json]
[www. .com/embedded/sql-injection/logs.html]
[www. .com/prevention/command-execution.html]
[www. .com/auth/google_oauth20f92]
[www. .com/auth/facebook0f92]
[www. .com/auth/github0f92]
[www. .com/auth/linkedin0f92]
[www. .com/login8181.html]
[www. .com/glossary/Botnets.html]
[www. .com/glossary/Brute_force_attacks.html]
[www. .com/glossary/Clean_urls.html]
[www. .com/glossary/Code_injection.html]
[www. .com/glossary/Content_management_systems.html]
[www. .com/glossary/Cookies.html]
[www. .com/glossary/DDL.html]
[www. .com/glossary/DML.html]
[www. .com/glossary/Defense_in_depth.html]
[www. .com/glossary/Denial_of_service_attacks.html]
[www. .com/glossary/Dictionary_attacks.html]
[www. .com/glossary/Digital_signatures.html]
[www. .com/glossary/HTTP.html]
[www. .com/glossary/HTTPS.html]
[www. .com/glossary/Hashing.html]
[www. .com/glossary/LDAP.html]
[www. .com/glossary/Netmasks.html]
[www. .com/glossary/OWASP.html]
[www. .com/glossary/Oauth.html]
[www. .com/glossary/Password_lists.html]
[www. .com/glossary/Phishing.html]
[www. .com/glossary/Principle_of_least_privilege.html]
[www. .com/glossary/REST.html]
[www. .com/glossary/Randomness.html]
[www. .com/glossary/Releases.html]
[www. .com/glossary/SQL.html]
[www. .com/glossary/Salting.html]
[www. .com/glossary/Sessions.html]
[www. .com/glossary/Social_engineering.html]
[www. .com/glossary/Urls.html]
[www. .com/glossary/Worms.html]
[www. .com/glossary/Zero_day_exploits.html]
[www. .com/prevention/xss-stored.html]
[www. .com/prevention/click-jacking.html]
[d1o5lmfp4gliop.cloudfront.net/assets/exercises/click-jacking/kitty-b36e085bd2c876b7b40da0a4062461a6c037de524e6a32cf06968a881b176714.png]
[www. .com/dummy/kittens.html]
[www. .com/prevention/csrf.html]
[www. .com/prevention/xss-reflected.html]
[www. .com/prevention/file-upload.html]
[www. .com/prevention/open-redirects.html]
[www. .com/prevention/unencrypted-communication.html]
[www. .com/prevention/user-enumeration.html]
[www. .com/prevention/password-mismanagement.html]
[www. .com/prevention/email-spoofing.html]
[www. .com/prevention/malvertising.html]
[www. .com/prevention/logging-and-monitoring.html]
[www. .com/prevention/buffer-overflows.html]
[www. .com/prevention/ssrf.html]
[www. .com/purchased.html]
[www. .com/auth/google_oauth24981]
[www. .com/auth/facebook4981]
[www. .com/auth/github4981]
[www. .com/auth/linkedin4981]
[www. .com/login7702.html]
[www. .com/auth/google_oauth221b3]
[www. .com/auth/facebook21b3]
[www. .com/auth/github21b3]
[www. .com/auth/linkedin21b3]
[www. .com/loginc3fa.html]
[www. .com/auth/google_oauth2ab73]
[www. .com/auth/facebookab73]
[www. .com/auth/githubab73]
[www. .com/auth/linkedinab73]
[www. .com/loginfc28.html]
[www. .com/auth/google_oauth2ddda]
[www. .com/auth/facebookddda]
[www. .com/auth/githubddda]
[www. .com/auth/linkedinddda]
[www. .com/login84a8.html]
[www. .com/auth/google_oauth29bb3]
[www. .com/auth/facebook9bb3]
[www. .com/auth/github9bb3]
[www. .com/auth/linkedin9bb3]
[www. .com/loginb6f1.html]
[www. .com/auth/google_oauth20551]
[www. .com/auth/facebook0551]
[www. .com/auth/github0551]
[www. .com/auth/linkedin0551]
[www. .com/login7122.html]
[www. .com/auth/google_oauth26d03]
[www. .com/auth/facebook6d03]
[www. .com/auth/github6d03]
[www. .com/auth/linkedin6d03]
[www. .com/login34e9.html]
[www. .com/auth/google_oauth24ed9]
[www. .com/auth/facebook4ed9]
[www. .com/auth/github4ed9]
[www. .com/auth/linkedin4ed9]
[www. .com/loginca3e.html]
[www. .com/auth/google_oauth2316e]
[www. .com/auth/facebook316e]
[www. .com/auth/github316e]
[www. .com/auth/linkedin316e]
[www. .com/logine965.html]
[www. .com/auth/google_oauth29dd3]
[www. .com/auth/facebook9dd3]
[www. .com/auth/github9dd3]
[www. .com/auth/linkedin9dd3]
[www. .com/login04e6.html]
[www. .com/reset/new.html]
[www. .com/joine9db.html]
[app- .herokuapp.com/assets/bootstrap/glyphicons-halflings-regular-13634da87d9e23f8c3ed9108ce1724d183a39ad072e73e1b3d8cbf646d2d0407.eot]
[app- .herokuapp.com/assets/bootstrap/glyphicons-halflings-regular-13634da87d9e23f8c3ed9108ce1724d183a39ad072e73e1b3d8cbf646d2d0407d41d.eot]
[app- .herokuapp.com/assets/bootstrap/glyphicons-halflings-regular-fe185d11a49676890d47bb783312a0cda5a44c4039214094e7957b4c040ef11c.woff2]
[app- .herokuapp.com/assets/bootstrap/glyphicons-halflings-regular-a26394f7ede100ca118eff2eda08596275a9839b959c226e15439557a5a80742.woff]
[app- .herokuapp.com/assets/bootstrap/glyphicons-halflings-regular-e395044093757d82afcb138957d06a1ea9361bdcf0b442d06a18a8051af57456.ttf]
[app- .herokuapp.com/assets/oxygen-latin-ext-9a0785b4c5176b9cc4ac5c69609c058b6393e8dc7af6fb63c6548e02f1b88b74.woff2]
[app- .herokuapp.com/assets/jquery-ui/ui-icons_444444_256x240-31d988765b4e6f56553c29588c500381dc3e6f0aa2980c8212202e5644aefd5d.png]
[app- .herokuapp.com/assets/application-b5fe8eced4667b62d7b604f7eb8f80b9937b5137e7c5221f0ed6d349050fb9ff.css]
[www. .com/join0d6b.html]
[d1o5lmfp4gliop.cloudfront.net/assets/screenshots/denial-of-service-attacks-1-104cc7a9d9a25de19d2cf3460edb5c898914a6b131b28cc65a9d2546819d8f39.png]
[d1o5lmfp4gliop.cloudfront.net/assets/screenshots/denial-of-service-attacks-2-41411323c81701e253ccb74033559bb64bf3b888bda63762d30f98a409e8cc40.png]
[d1o5lmfp4gliop.cloudfront.net/assets/screenshots/denial-of-service-attacks-3-7aa010317584215ebf7f9d7c3b169bd64eafefcb288d6b810c051e951493af9e.png]
[www. .com/prevention/denial-of-service-attacks.html]
[www. .com/login1ebd.html]
[www. .com/join9eb9.html]
[www. .com/joinccbc.html]
[www. .com/joind077.html]
[www. .com/joindc02.html]
[www. .com/join8d75.html]
[www. .com/joind21c.html]
[www. .com/images/letsencrypt.svg]
[www. .com/join38e5.html]
[www. .com/join0dd6.html]
[www. .com/join5e61.html]
[www. .com/join26db.html]
[www. .com/joinfdfa.html]
[www. .com/joinff05.html]
[www. .com/join11c6.html]
[www. .com/joinc27f.html]
[www. .com/auth/google_oauth2e9db]
[www. .com/auth/facebooke9db]
[www. .com/auth/githube9db]
[www. .com/auth/linkedine9db]
[www. .com/join8f09.html]
[www. .com/login8f09.html]
[app- .herokuapp.com/assets/bootstrap/glyphicons-halflings-regular-42f60659d265c1a3c30f9fa42abcbb56bd4a53af4d83d316d6dd7a36903c43e5.svg]
[www. .com/auth/google_oauth20d6b]
[www. .com/auth/facebook0d6b]
[www. .com/auth/github0d6b]
[www. .com/auth/linkedin0d6b]
[www. .com/joinabb0.html]
[www. .com/loginabb0.html]
[www. .com/join10be.html]
[www. .com/auth/google_oauth21ebd]
[www. .com/auth/facebook1ebd]
[www. .com/auth/github1ebd]
[www. .com/auth/linkedin1ebd]
[www. .com/loginea3e.html]
[www. .com/auth/google_oauth29eb9]
[www. .com/auth/facebook9eb9]
[www. .com/auth/github9eb9]
[www. .com/auth/linkedin9eb9]
[www. .com/join71b5.html]
[www. .com/login71b5.html]
[www. .com/auth/google_oauth2ccbc]
[www. .com/auth/facebookccbc]
[www. .com/auth/githubccbc]
[www. .com/auth/linkedinccbc]
[www. .com/join55a4.html]
[www. .com/login55a4.html]
[www. .com/auth/google_oauth2d077]
[www. .com/auth/facebookd077]
[www. .com/auth/githubd077]
[www. .com/auth/linkedind077]
[www. .com/join52b9.html]
[www. .com/login52b9.html]
[www. .com/auth/google_oauth2dc02]
[www. .com/auth/facebookdc02]
[www. .com/auth/githubdc02]
[www. .com/auth/linkedindc02]
[www. .com/joineea6.html]
[www. .com/logineea6.html]
[www. .com/auth/google_oauth28d75]
[www. .com/auth/facebook8d75]
[www. .com/auth/github8d75]
[www. .com/auth/linkedin8d75]
[www. .com/join65c0.html]
[www. .com/login65c0.html]
[www. .com/auth/google_oauth2d21c]
[www. .com/auth/facebookd21c]
[www. .com/auth/githubd21c]
[www. .com/auth/linkedind21c]
[www. .com/joine2bd.html]
[www. .com/logine2bd.html]
[www. .com/auth/google_oauth238e5]
[www. .com/auth/facebook38e5]
[www. .com/auth/github38e5]
[www. .com/auth/linkedin38e5]
[www. .com/join8a0c.html]
[www. .com/login8a0c.html]
[www. .com/auth/google_oauth20dd6]
[www. .com/auth/facebook0dd6]
[www. .com/auth/github0dd6]
[www. .com/auth/linkedin0dd6]
[www. .com/joinda73.html]
[www. .com/loginda73.html]
[www. .com/auth/google_oauth25e61]
[www. .com/auth/facebook5e61]
[www. .com/auth/github5e61]
[www. .com/auth/linkedin5e61]
[www. .com/join3b65.html]
[www. .com/login3b65.html]
[www. .com/auth/google_oauth226db]
[www. .com/auth/facebook26db]
[www. .com/auth/github26db]
[www. .com/auth/linkedin26db]
[www. .com/joine8ff.html]
[www. .com/logine8ff.html]
[www. .com/auth/google_oauth2fdfa]
[www. .com/auth/facebookfdfa]
[www. .com/auth/githubfdfa]
[www. .com/auth/linkedinfdfa]
[www. .com/joine2a9.html]
[www. .com/logine2a9.html]
[www. .com/auth/google_oauth2ff05]
[www. .com/auth/facebookff05]
[www. .com/auth/githubff05]
[www. .com/auth/linkedinff05]
[www. .com/joina8d7.html]
[www. .com/logina8d7.html]
[www. .com/auth/google_oauth211c6]
[www. .com/auth/facebook11c6]
[www. .com/auth/github11c6]
[www. .com/auth/linkedin11c6]
[www. .com/join6821.html]
[www. .com/login6821.html]
[www. .com/auth/google_oauth2c27f]
[www. .com/auth/facebookc27f]
[www. .com/auth/githubc27f]
[www. .com/auth/linkedinc27f]
[www. .com/join6602.html]
[www. .com/login6602.html]
[www. .com/auth/google_oauth210be]
[www. .com/auth/facebook10be]
[www. .com/auth/github10be]
[www. .com/auth/linkedin10be]
[www. .com/joinb3cd.html]
[www. .com/loginb3cd.html]
